Full run start: 2025-11-19T06:20:40Z
Creating venv and installing dependencies...
Collecting Flask==2.2.5 (from -r requirements.txt (line 1))
  Downloading Flask-2.2.5-py3-none-any.whl.metadata (3.9 kB)
Collecting requests==2.31.0 (from -r requirements.txt (line 2))
  Using cached requests-2.31.0-py3-none-any.whl.metadata (4.6 kB)
Collecting pandas==1.5.3 (from -r requirements.txt (line 3))
  Downloading pandas-1.5.3-cp311-cp311-manylinux_2_17_x86_64.manylinux2014_x86_64.whl.metadata (11 kB)
Collecting numpy==1.24.4 (from -r requirements.txt (line 4))
  Downloading numpy-1.24.4-cp311-cp311-manylinux_2_17_x86_64.manylinux2014_x86_64.whl.metadata (5.6 kB)
Collecting scikit-learn==1.2.2 (from -r requirements.txt (line 5))
  Downloading scikit_learn-1.2.2-cp311-cp311-manylinux_2_17_x86_64.manylinux2014_x86_64.whl.metadata (11 kB)
Collecting jinja2==3.1.2 (from -r requirements.txt (line 6))
  Downloading Jinja2-3.1.2-py3-none-any.whl.metadata (3.5 kB)
Collecting urllib3==1.26.16 (from -r requirements.txt (line 7))
  Downloading urllib3-1.26.16-py2.py3-none-any.whl.metadata (48 kB)
Collecting SQLAlchemy==1.4.49 (from -r requirements.txt (line 8))
  Downloading SQLAlchemy-1.4.49-cp311-cp311-manylinux_2_5_x86_64.manylinux1_x86_64.manylinux_2_17_x86_64.manylinux2014_x86_64.whl.metadata (10 kB)
Collecting Werkzeug>=2.2.2 (from Flask==2.2.5->-r requirements.txt (line 1))
  Using cached werkzeug-3.1.3-py3-none-any.whl.metadata (3.7 kB)
Collecting itsdangerous>=2.0 (from Flask==2.2.5->-r requirements.txt (line 1))
  Using cached itsdangerous-2.2.0-py3-none-any.whl.metadata (1.9 kB)
Collecting click>=8.0 (from Flask==2.2.5->-r requirements.txt (line 1))
  Using cached click-8.3.1-py3-none-any.whl.metadata (2.6 kB)
Collecting charset-normalizer<4,>=2 (from requests==2.31.0->-r requirements.txt (line 2))
  Using cached charset_normalizer-3.4.4-cp311-cp311-manylinux2014_x86_64.manylinux_2_17_x86_64.manylinux_2_28_x86_64.whl.metadata (37 kB)
Collecting idna<4,>=2.5 (from requests==2.31.0->-r requirements.txt (line 2))
  Using cached idna-3.11-py3-none-any.whl.metadata (8.4 kB)
Collecting certifi>=2017.4.17 (from requests==2.31.0->-r requirements.txt (line 2))
  Using cached certifi-2025.11.12-py3-none-any.whl.metadata (2.5 kB)
Collecting python-dateutil>=2.8.1 (from pandas==1.5.3->-r requirements.txt (line 3))
  Using cached python_dateutil-2.9.0.post0-py2.py3-none-any.whl.metadata (8.4 kB)
Collecting pytz>=2020.1 (from pandas==1.5.3->-r requirements.txt (line 3))
  Using cached pytz-2025.2-py2.py3-none-any.whl.metadata (22 kB)
Collecting scipy>=1.3.2 (from scikit-learn==1.2.2->-r requirements.txt (line 5))
  Using cached scipy-1.16.3-cp311-cp311-manylinux2014_x86_64.manylinux_2_17_x86_64.whl.metadata (62 kB)
Collecting joblib>=1.1.1 (from scikit-learn==1.2.2->-r requirements.txt (line 5))
  Using cached joblib-1.5.2-py3-none-any.whl.metadata (5.6 kB)
Collecting threadpoolctl>=2.0.0 (from scikit-learn==1.2.2->-r requirements.txt (line 5))
  Using cached threadpoolctl-3.6.0-py3-none-any.whl.metadata (13 kB)
Collecting MarkupSafe>=2.0 (from jinja2==3.1.2->-r requirements.txt (line 6))
  Using cached markupsafe-3.0.3-cp311-cp311-manylinux2014_x86_64.manylinux_2_17_x86_64.manylinux_2_28_x86_64.whl.metadata (2.7 kB)
Collecting greenlet!=0.4.17 (from SQLAlchemy==1.4.49->-r requirements.txt (line 8))
  Using cached greenlet-3.2.4-cp311-cp311-manylinux_2_24_x86_64.manylinux_2_28_x86_64.whl.metadata (4.1 kB)
Collecting six>=1.5 (from python-dateutil>=2.8.1->pandas==1.5.3->-r requirements.txt (line 3))
  Using cached six-1.17.0-py2.py3-none-any.whl.metadata (1.7 kB)
INFO: pip is looking at multiple versions of scipy to determine which version is compatible with other requirements. This could take a while.
Collecting scipy>=1.3.2 (from scikit-learn==1.2.2->-r requirements.txt (line 5))
  Using cached scipy-1.16.2-cp311-cp311-manylinux2014_x86_64.manylinux_2_17_x86_64.whl.metadata (62 kB)
  Downloading scipy-1.16.1-cp311-cp311-manylinux2014_x86_64.manylinux_2_17_x86_64.whl.metadata (61 kB)
  Using cached scipy-1.16.0-cp311-cp311-manylinux2014_x86_64.manylinux_2_17_x86_64.whl.metadata (61 kB)
  Downloading scipy-1.15.3-cp311-cp311-manylinux_2_17_x86_64.manylinux2014_x86_64.whl.metadata (61 kB)
Downloading Flask-2.2.5-py3-none-any.whl (101 kB)
Using cached requests-2.31.0-py3-none-any.whl (62 kB)
Downloading urllib3-1.26.16-py2.py3-none-any.whl (143 kB)
Downloading pandas-1.5.3-cp311-cp311-manylinux_2_17_x86_64.manylinux2014_x86_64.whl (12.0 MB)
   ━━━━━━━━━━━━━━━━━━━━━━━━━━━━━━━━━━━━━━━━ 12.0/12.0 MB 3.3 MB/s  0:00:03
Downloading numpy-1.24.4-cp311-cp311-manylinux_2_17_x86_64.manylinux2014_x86_64.whl (17.3 MB)
   ━━━━━━━━━━━━━━━━━━━━━━━━━━━━━━━━━━━━━━━━ 17.3/17.3 MB 4.0 MB/s  0:00:04
Downloading scikit_learn-1.2.2-cp311-cp311-manylinux_2_17_x86_64.manylinux2014_x86_64.whl (9.6 MB)
   ━━━━━━━━━━━━━━━━━━━━━━━━━━━━━━━━━━━━━━━━ 9.6/9.6 MB 3.3 MB/s  0:00:02
Using cached Jinja2-3.1.2-py3-none-any.whl (133 kB)
Downloading SQLAlchemy-1.4.49-cp311-cp311-manylinux_2_5_x86_64.manylinux1_x86_64.manylinux_2_17_x86_64.manylinux2014_x86_64.whl (1.6 MB)
   ━━━━━━━━━━━━━━━━━━━━━━━━━━━━━━━━━━━━━━━━ 1.6/1.6 MB 4.2 MB/s  0:00:00
Using cached charset_normalizer-3.4.4-cp311-cp311-manylinux2014_x86_64.manylinux_2_17_x86_64.manylinux_2_28_x86_64.whl (151 kB)
Using cached idna-3.11-py3-none-any.whl (71 kB)
Using cached certifi-2025.11.12-py3-none-any.whl (159 kB)
Using cached click-8.3.1-py3-none-any.whl (108 kB)
Using cached greenlet-3.2.4-cp311-cp311-manylinux_2_24_x86_64.manylinux_2_28_x86_64.whl (587 kB)
Using cached itsdangerous-2.2.0-py3-none-any.whl (16 kB)
Using cached joblib-1.5.2-py3-none-any.whl (308 kB)
Using cached markupsafe-3.0.3-cp311-cp311-manylinux2014_x86_64.manylinux_2_17_x86_64.manylinux_2_28_x86_64.whl (22 kB)
Using cached python_dateutil-2.9.0.post0-py2.py3-none-any.whl (229 kB)
Using cached pytz-2025.2-py2.py3-none-any.whl (509 kB)
Downloading scipy-1.15.3-cp311-cp311-manylinux_2_17_x86_64.manylinux2014_x86_64.whl (37.7 MB)
   ━━━━━━━━━━━━━━━━━━━━━━━━━━━━━━━━━━━━━━━━ 37.7/37.7 MB 3.5 MB/s  0:00:10
Using cached six-1.17.0-py2.py3-none-any.whl (11 kB)
Using cached threadpoolctl-3.6.0-py3-none-any.whl (18 kB)
Using cached werkzeug-3.1.3-py3-none-any.whl (224 kB)
Installing collected packages: pytz, urllib3, threadpoolctl, six, numpy, MarkupSafe, joblib, itsdangerous, idna, greenlet, click, charset-normalizer, certifi, Werkzeug, SQLAlchemy, scipy, requests, python-dateutil, jinja2, scikit-learn, pandas, Flask

Successfully installed Flask-2.2.5 MarkupSafe-3.0.3 SQLAlchemy-1.4.49 Werkzeug-3.1.3 certifi-2025.11.12 charset-normalizer-3.4.4 click-8.3.1 greenlet-3.2.4 idna-3.11 itsdangerous-2.2.0 jinja2-3.1.2 joblib-1.5.2 numpy-1.24.4 pandas-1.5.3 python-dateutil-2.9.0.post0 pytz-2025.2 requests-2.31.0 scikit-learn-1.2.2 scipy-1.15.3 six-1.17.0 threadpoolctl-3.6.0 urllib3-1.26.16
Test run start: 2025-11-19T06:25:10Z
Running demo tests...
Python: 3.11.13 (main, Jun  4 2025, 08:57:30) [GCC 9.4.0]
numpy OK, sum: 6
pandas OK, shape: (2, 2)
sklearn OK, LogisticRegression available
Hello Test
sqlalchemy OK - in-memory DB

Summary:
 - flask: OK - Found Flask
 - requests: OK - Found utils
 - pandas: OK - Found DataFrame
 - numpy: OK - Found array
 - sklearn: OK - Found __version__
 - jinja2: OK - Found Template
 - urllib3: OK - Found __version__
 - sqlalchemy: OK - Found create_engine

All basic import checks passed
Test run end: 2025-11-19T06:25:19Z
Duration (s): 9
Test run end: 2025-11-19T06:25:19Z
Duration (s): 9
Tests finished. Logs written to tests.log
Full run end: 2025-11-19T06:25:19Z
Full run duration (s): 279
Full run complete. Logs in full_run.log
